Created dummy files in media/videos/temp_topic/720p30/partial_movie_files/SceneTopic
Running cleanup...
Searching for partial_movie_files in C:\Users\Siddhant\OneDrive\Desktop\OnlyStudy\media
Found partial dir: media\videos\temp_topic\720p30\partial_movie_files
Error deleting media\videos\temp_topic\720p30\partial_movie_files: [WinError 5] Access is denied: 'media\\videos\\temp_topic\\720p30\\partial_movie_files\\SceneTopic'
FAILURE: partial_movie_files directory still exists.
Current media structure:
Root: media, Dirs: ['images', 'texts', 'videos'], Files: []
Root: media\images, Dirs: ['temp_topic'], Files: []
Root: media\images\temp_topic, Dirs: [], Files: []
Root: media\texts, Dirs: [], Files: ['1bb24c7e2651fda4.svg', '1ee732c86c0edb08.svg', '40580d3978fea98d.svg', '68b6182d8f03665f.svg', '766f27206d2f4475.svg', '79094f59cfaac4c7.svg', 'a0dc10e9271dbd4f.svg', 'c43f4aaba2288ab8.svg', 'c5ea03c98572d970.svg', 'cfb366e0cce84799.svg', 'd2f59c340f032a69.svg', 'da02c45c327e44be.svg', 'ed08e437acb2671a.svg']
Root: media\videos, Dirs: ['temp_topic'], Files: []
Root: media\videos\temp_topic, Dirs: ['720p30'], Files: []
Root: media\videos\temp_topic\720p30, Dirs: ['partial_movie_files'], Files: ['lesson.mp4']
Root: media\videos\temp_topic\720p30\partial_movie_files, Dirs: ['SceneTopic'], Files: []
Root: media\videos\temp_topic\720p30\partial_movie_files\SceneTopic, Dirs: [], Files: []
SUCCESS: Other files preserved.
Warning: Could not clean up media dir: [WinError 5] Access is denied: 'media\\images\\temp_topic'
